// Jest Snapshot v1, https://goo.gl/fbAQLP

exports[`renders correctly 1`] = `
<RCTScrollView
  automaticallyAdjustContentInsets={false}
  contentContainerStyle={
    Array [
      Object {
        "padding": undefined,
      },
      undefined,
    ]
  }
  contentInset={
    Object {
      "bottom": 0,
    }
  }
  enableAutomaticScroll={true}
  enableResetScrollToCoords={true}
  extraHeight={75}
  extraScrollHeight={0}
  getScrollResponder={[Function]}
  handleOnScroll={[Function]}
  keyboardDismissMode="interactive"
  keyboardOpeningTime={250}
  keyboardShouldPersistTaps="handled"
  keyboardSpace={0}
  onScroll={[Function]}
  refreshControl={
    <RefreshControlMock
      onRefresh={[MockFunction]}
      refreshing={false}
    />
  }
  resetKeyboardSpace={[Function]}
  resetScrollToCoords={
    Object {
      "x": 0,
      "y": 0,
    }
  }
  scrollEventThrottle={1}
  scrollForExtraHeightOnAndroid={[Function]}
  scrollToEnd={[Function]}
  scrollToFocusedInput={[Function]}
  scrollToPosition={[Function]}
  showsVerticalScrollIndicator={true}
  style={
    Object {
      "backgroundColor": "transparent",
      "flex": 1,
    }
  }
  viewIsInsideTabBar={false}
>
  <RCTRefreshControl />
  <View>
    <View
      closeOnRowBeginSwipe={false}
      closeOnRowPress={true}
      closeOnScroll={true}
      directionalDistanceChangeThreshold={2}
      disableLeftSwipe={false}
      disableRightSwipe={false}
      leftOpenValue={0}
      previewFirstRow={false}
      recalculateHiddenLayout={false}
      rightOpenValue={0}
      style={Object {}}
      swipeToOpenPercent={50}
    />
  </View>
</RCTScrollView>
`;
